error[E0599]: no method named `build` found for struct `OverseerBuilder<Missing<_>, Init<AwesomeSubSys>, Init<f64>>` in the current scope
  --> tests/ui/err-07-missing-spawner.rs:59:4
   |
22 | #[overlord(signal=SigSigSig, error=OverseerError, event=Event, gen=AllMessages)]
   | -------------------------------------------------------------------------------- method `build` not found for this
...
59 |         .build()
   |          ^^^^^ method not found in `OverseerBuilder<Missing<_>, Init<AwesomeSubSys>, Init<f64>>`
   |
   = note: the method was found for
           - `OverseerBuilder<Init<S>, Init<AwesomeSubSys>, Init<f64>>`
   = help: items from traits can only be used if the trait is implemented and in scope
   = note: the following traits define an item `build`, perhaps you need to implement one of them:
           candidate #1: `frame_support::traits::hooks::GenesisBuild`
           candidate #2: `prometheus::vec::MetricVecBuilder`
