error[E0599]: no method named `build` found for struct `OrchestraBuilder<Init<DummySpawner>, Init<AwesomeSubSys>, Missing<_>>` in the current scope
  --> tests/ui/err-09-uninit_generic_baggage.rs:59:4
   |
22 | #[orchestra(signal=SigSigSig, error=OrchestraError, event=Event, gen=AllMessages)]
   | ---------------------------------------------------------------------------------- method `build` not found for this struct
...
59 |         .build()
   |          ^^^^^ method not found in `OrchestraBuilder<Init<DummySpawner>, Init<AwesomeSubSys>, Missing<_>>`
   |
   = note: the method was found for
           - `OrchestraBuilder<Init<S>, Init<AwesomeSubSys>, Init<T>>`
