error[E0599]: no method named `build` found for struct `OrchestraBuilder<Missing<_>, Init<AwesomeSubSys>, Init<f64>>` in the current scope
  --> tests/ui/err-07-missing-spawner.rs:59:4
   |
22 | #[orchestra(signal=SigSigSig, error=OrchestraError, event=Event, gen=AllMessages)]
   | ---------------------------------------------------------------------------------- method `build` not found for this struct
...
59 |         .build()
   |          ^^^^^ method not found in `OrchestraBuilder<Missing<_>, Init<AwesomeSubSys>, Init<f64>>`
   |
   = note: the method was found for
           - `OrchestraBuilder<Init<S>, Init<AwesomeSubSys>, Init<f64>>`
